// Jest Snapshot v1, https://goo.gl/fbAQLP

exports[`AppFooter matches snapshot 1`] = `
<footer
  class="app-footer"
>
  <div
    class="wrapper"
  >
    <small>
      
            Developed by
            
      <a
        href="https://github.com/uncaughtxcptn"
        rel="noopener noreferrer"
        target="_blank"
      >
        Uncaught Exception
      </a>
    </small>
     
    <a
      class="github-link"
      href="https://github.com/uncaughtxcptn/endpoints"
      rel="noopener noreferrer"
      target="_blank"
    />
  </div>
</footer>
`;
